#htop and nmon installation on centos#

[vagrant@localhost ~]$ yum install htop -y
Not root, Subscription Management repositories not updated
Error: This command has to be run with superuser privileges (under the root user on most systems).
[vagrant@localhost ~]$ sudo -i
[root@localhost ~]# 
[root@localhost ~]# 
[root@localhost ~]# yum install htop -y
Updating Subscription Management repositories.
Unable to read consumer identity

This system is not registered with an entitlement server. You can use "rhc" or "subscription-manager" to register.

CentOS Stream 9 - BaseOS                                                                                                                                                               43 kB/s |  14 kB     00:00    
CentOS Stream 9 - AppStream                                                                                                                                                           105 kB/s |  15 kB     00:00    
CentOS Stream 9 - Extras packages                                                                                                                                                      91 kB/s |  17 kB     00:00    
Extra Packages for Enterprise Linux 9 - aarch64                                                                                                                                       131 kB/s |  32 kB     00:00    
Extra Packages for Enterprise Linux 9 - aarch64                                                                                                                                       7.3 MB/s |  20 MB     00:02    
Extra Packages for Enterprise Linux 9 - Next - aarch64                                                                                                                                414 kB/s |  41 kB     00:00    
Dependencies resolved.
======================================================================================================================================================================================================================
 Package                                              Architecture                                      Version                                                Repository                                        Size
======================================================================================================================================================================================================================
Installing:
 htop                                                 aarch64                                           3.3.0-1.el9                                            epel                                             196 k
Installing dependencies:
 hwloc-libs                                           aarch64                                           2.4.1-5.el9                                            baseos                                           2.1 M

Transaction Summary
======================================================================================================================================================================================================================
Install  2 Packages

Total download size: 2.3 M
Installed size: 3.5 M
Downloading Packages:
(1/2): htop-3.3.0-1.el9.aarch64.rpm                                                                                                                                                   903 kB/s | 196 kB     00:00    
(2/2): hwloc-libs-2.4.1-5.el9.aarch64.rpm                                                                                                                                             2.8 MB/s | 2.1 MB     00:00    
----------------------------------------------------------------------------------------------------------------------------------------------------------------------------------------------------------------------
Total                                                                                                                                                                                 1.2 MB/s | 2.3 MB     00:01     
Running transaction check
Transaction check succeeded.
Running transaction test
Transaction test succeeded.
Running transaction
  Preparing        :                                                                                                                                                                                              1/1 
  Installing       : hwloc-libs-2.4.1-5.el9.aarch64                                                                                                                                                               1/2 
  Installing       : htop-3.3.0-1.el9.aarch64                                                                                                                                                                     2/2 
  Running scriptlet: htop-3.3.0-1.el9.aarch64                                                                                                                                                                     2/2 
  Verifying        : hwloc-libs-2.4.1-5.el9.aarch64                                                                                                                                                               1/2 
  Verifying        : htop-3.3.0-1.el9.aarch64                                                                                                                                                                     2/2 
Installed products updated.

Installed:
  htop-3.3.0-1.el9.aarch64                                                                               hwloc-libs-2.4.1-5.el9.aarch64                                                                              

Complete!
[root@localhost ~]# yum install nmon -y
Updating Subscription Management repositories.
Unable to read consumer identity

This system is not registered with an entitlement server. You can use "rhc" or "subscription-manager" to register.

Last metadata expiration check: 0:00:41 ago on Mon 20 Oct 2025 04:20:42 AM MDT.
Dependencies resolved.
======================================================================================================================================================================================================================
 Package                                          Architecture                                        Version                                                  Repository                                        Size
======================================================================================================================================================================================================================
Installing:
 nmon                                             aarch64                                             16p-1.el9                                                epel                                              70 k

Transaction Summary
======================================================================================================================================================================================================================
Install  1 Package

Total download size: 70 k
Installed size: 198 k
Downloading Packages:
nmon-16p-1.el9.aarch64.rpm                                                                                                                                                            411 kB/s |  70 kB     00:00    
----------------------------------------------------------------------------------------------------------------------------------------------------------------------------------------------------------------------
Total                                                                                                                                                                                  88 kB/s |  70 kB     00:00     
Running transaction check
Transaction check succeeded.
Running transaction test
Transaction test succeeded.
Running transaction
  Preparing        :                                                                                                                                                                                              1/1 
  Installing       : nmon-16p-1.el9.aarch64                                                                                                                                                                       1/1 
  Running scriptlet: nmon-16p-1.el9.aarch64                                                                                                                                                                       1/1 
  Verifying        : nmon-16p-1.el9.aarch64                                                                                                                                                                       1/1 
Installed products updated.

Installed:
  nmon-16p-1.el9.aarch64                                                                                                                                                                                              

Complete!


