[root@localhost log]# cat sys_monitor.log 
===== System Report Mon Oct 20 05:41:26 AM MDT 2025 =====
top - 05:41:26 up 30 min,  1 user,  load average: 0.02, 0.03, 0.00
Tasks: 254 total,   1 running, 248 sleeping,   5 stopped,   0 zombie
%Cpu(s):  2.9 us,  5.7 sy,  0.0 ni, 91.4 id,  0.0 wa,  0.0 hi,  0.0 si,  0.0 st
MiB Mem :   1699.0 total,   1000.5 free,    317.2 used,    479.1 buff/cache
MiB Swap:    512.0 total,    512.0 free,      0.0 used.   1381.8 avail Mem 

    PID USER      PR  NI    VIRT    RES    SHR S  %CPU  %MEM     TIME+ COMMAND
   8708 root      20   0   10780   3788   3004 R   6.2   0.2   0:00.02 top
      1 root      20   0  108516  15448   9716 S   0.0   0.9   0:00.58 systemd
      2 root      20   0       0      0      0 S   0.0   0.0   0:00.00 kthreadd
      3 root      20   0       0      0      0 S   0.0   0.0   0:00.00 pool_workqueue_
      4 root       0 -20       0      0      0 I   0.0   0.0   0:00.00 kworker/R-rcu_g
      5 root       0 -20       0      0      0 I   0.0   0.0   0:00.00 kworker/R-sync_
      6 root       0 -20       0      0      0 I   0.0   0.0   0:00.00 kworker/R-slub_
      7 root       0 -20       0      0      0 I   0.0   0.0   0:00.00 kworker/R-netns

Filesystem              Size  Used Avail Use% Mounted on
devtmpfs                4.0M     0  4.0M   0% /dev
tmpfs                   850M     0  850M   0% /dev/shm
tmpfs                   340M  9.6M  331M   3% /run
efivarfs                256K   32K  225K  13% /sys/firmware/efi/efivars
/dev/mapper/cs-root      32G  3.8G   28G  12% /
/dev/nvme0n1p2          960M  559M  402M  59% /boot
/dev/mapper/cs-home     2.5G   50M  2.4G   2% /home
/dev/mapper/cs-tmp      2.0G   47M  1.9G   3% /tmp
/dev/mapper/cs-var_log  2.0G   55M  1.9G   3% /var/log
/dev/nvme0n1p1          599M  7.3M  592M   2% /boot/efi
tmpfs                   170M     0  170M   0% /run/user/1000
vmhgfs-fuse             461G  197G  265G  43% /mnt/vagrant-mounts/1000-1000

               total        used        free      shared  buff/cache   available
Mem:            1698         317        1000           9         479        1381
Swap:            511           0         511


